
gbbct1.seq.gz
gbbct10.seq.gz
gbbct100.seq.gz
gbbct11.seq.gz
gbbct12.seq.gz
gbbct13.seq.gz
gbbct14.seq.gz
gbbct15.seq.gz
gbbct16.seq.gz
gbbct17.seq.gz
gbbct18.seq.gz
gbbct19.seq.gz
gbbct2.seq.gz
gbbct20.seq.gz
gbbct21.seq.gz
gbbct22.seq.gz
gbbct23.seq.gz
gbbct24.seq.gz
gbbct25.seq.gz
gbbct26.seq.gz
gbbct27.seq.gz
gbbct28.seq.gz
gbbct29.seq.gz
gbbct3.seq.gz
gbbct30.seq.gz
gbbct31.seq.gz
gbbct32.seq.gz
gbbct33.seq.gz
gbbct34.seq.gz
gbbct35.seq.gz
gbbct36.seq.gz
gbbct37.seq.gz
gbbct38.seq.gz
gbbct39.seq.gz
gbbct4.seq.gz
gbbct40.seq.gz
gbbct41.seq.gz
gbbct42.seq.gz
gbbct43.seq.gz
gbbct44.seq.gz
gbbct45.seq.gz
gbbct46.seq.gz
gbbct47.seq.gz
gbbct48.seq.gz
gbbct49.seq.gz
gbbct5.seq.gz
gbbct50.seq.gz
gbbct51.seq.gz
gbbct52.seq.gz
gbbct53.seq.gz
gbbct54.seq.gz
gbbct55.seq.gz
gbbct56.seq.gz
gbbct57.seq.gz
gbbct58.seq.gz
gbbct59.seq.gz
gbbct6.seq.gz
gbbct60.seq.gz
gbbct61.seq.gz
gbbct62.seq.gz
gbbct63.seq.gz
gbbct64.seq.gz
gbbct65.seq.gz
gbbct66.seq.gz
gbbct67.seq.gz
gbbct68.seq.gz
gbbct69.seq.gz
gbbct7.seq.gz
gbbct70.seq.gz
gbbct71.seq.gz
gbbct72.seq.gz
gbbct73.seq.gz
gbbct74.seq.gz
gbbct75.seq.gz
gbbct76.seq.gz
gbbct77.seq.gz
gbbct78.seq.gz
gbbct79.seq.gz
gbbct8.seq.gz
gbbct80.seq.gz
gbbct81.seq.gz
gbbct82.seq.gz
gbbct83.seq.gz
gbbct84.seq.gz
gbbct85.seq.gz
gbbct86.seq.gz
gbbct87.seq.gz
gbbct88.seq.gz
gbbct89.seq.gz
gbbct9.seq.gz
gbbct90.seq.gz
gbbct91.seq.gz
gbbct92.seq.gz
gbbct93.seq.gz
gbbct94.seq.gz
gbbct95.seq.gz
gbbct96.seq.gz
gbbct97.seq.gz
gbbct98.seq.gz
gbbct99.seq.gz
gbchg.txt.gz
gbcon1.seq.gz
gbcon10.seq.gz
gbcon100.seq.gz
gbcon101.seq.gz
gbcon102.seq.gz
gbcon103.seq.gz
gbcon104.seq.gz
gbcon105.seq.gz
gbcon106.seq.gz
gbcon107.seq.gz
gbcon108.seq.gz
gbcon109.seq.gz
gbcon11.seq.gz
gbcon110.seq.gz
gbcon111.seq.gz
gbcon112.seq.gz
gbcon113.seq.gz
gbcon114.seq.gz
gbcon115.seq.gz
gbcon116.seq.gz
gbcon117.seq.gz
gbcon118.seq.gz
gbcon119.seq.gz
gbcon12.seq.gz
gbcon120.seq.gz
gbcon121.seq.gz
gbcon122.seq.gz
gbcon123.seq.gz
gbcon124.seq.gz
gbcon125.seq.gz
gbcon126.seq.gz
gbcon127.seq.gz
gbcon128.seq.gz
gbcon129.seq.gz
gbcon13.seq.gz
gbcon130.seq.gz
gbcon131.seq.gz
gbcon132.seq.gz
gbcon133.seq.gz
gbcon134.seq.gz
gbcon135.seq.gz
gbcon136.seq.gz
gbcon137.seq.gz
gbcon138.seq.gz
gbcon139.seq.gz
gbcon14.seq.gz
gbcon140.seq.gz
gbcon141.seq.gz
gbcon142.seq.gz
gbcon143.seq.gz
gbcon144.seq.gz
gbcon145.seq.gz
gbcon146.seq.gz
gbcon147.seq.gz
gbcon148.seq.gz
gbcon149.seq.gz
gbcon15.seq.gz
gbcon150.seq.gz
gbcon151.seq.gz
gbcon152.seq.gz
gbcon153.seq.gz
gbcon154.seq.gz
gbcon155.seq.gz
gbcon156.seq.gz
gbcon157.seq.gz
gbcon158.seq.gz
gbcon159.seq.gz
gbcon16.seq.gz
gbcon160.seq.gz
gbcon161.seq.gz
gbcon162.seq.gz
gbcon163.seq.gz
gbcon164.seq.gz
gbcon165.seq.gz
gbcon166.seq.gz
gbcon167.seq.gz
gbcon168.seq.gz
gbcon169.seq.gz
gbcon17.seq.gz
gbcon170.seq.gz
gbcon171.seq.gz
gbcon172.seq.gz
gbcon173.seq.gz
gbcon174.seq.gz
gbcon175.seq.gz
gbcon176.seq.gz
gbcon177.seq.gz
gbcon178.seq.gz
gbcon179.seq.gz
gbcon18.seq.gz
gbcon180.seq.gz
gbcon181.seq.gz
gbcon182.seq.gz
gbcon183.seq.gz
gbcon184.seq.gz
gbcon185.seq.gz
gbcon186.seq.gz
gbcon187.seq.gz
gbcon188.seq.gz
gbcon189.seq.gz
gbcon19.seq.gz
gbcon190.seq.gz
gbcon191.seq.gz
gbcon192.seq.gz
gbcon193.seq.gz
gbcon194.seq.gz
gbcon195.seq.gz
gbcon196.seq.gz
gbcon197.seq.gz
gbcon198.seq.gz
gbcon199.seq.gz
gbcon2.seq.gz
gbcon20.seq.gz
gbcon200.seq.gz
gbcon201.seq.gz
gbcon202.seq.gz
gbcon203.seq.gz
gbcon204.seq.gz
gbcon205.seq.gz
gbcon21.seq.gz
gbcon22.seq.gz
gbcon23.seq.gz
gbcon24.seq.gz
gbcon25.seq.gz
gbcon26.seq.gz
gbcon27.seq.gz
gbcon28.seq.gz
gbcon29.seq.gz
gbcon3.seq.gz
gbcon30.seq.gz
gbcon31.seq.gz
gbcon32.seq.gz
gbcon33.seq.gz
gbcon34.seq.gz
gbcon35.seq.gz
gbcon36.seq.gz
gbcon37.seq.gz
gbcon38.seq.gz
gbcon39.seq.gz
gbcon4.seq.gz
gbcon40.seq.gz
gbcon41.seq.gz
gbcon42.seq.gz
gbcon43.seq.gz
gbcon44.seq.gz
gbcon45.seq.gz
gbcon46.seq.gz
gbcon47.seq.gz
gbcon48.seq.gz
gbcon49.seq.gz
gbcon5.seq.gz
gbcon50.seq.gz
gbcon51.seq.gz
gbcon52.seq.gz
gbcon53.seq.gz
gbcon54.seq.gz
gbcon55.seq.gz
gbcon56.seq.gz
gbcon57.seq.gz
gbcon58.seq.gz
gbcon59.seq.gz
gbcon6.seq.gz
gbcon60.seq.gz
gbcon61.seq.gz
gbcon62.seq.gz
gbcon63.seq.gz
gbcon64.seq.gz
gbcon65.seq.gz
gbcon66.seq.gz
gbcon67.seq.gz
gbcon68.seq.gz
gbcon69.seq.gz
gbcon7.seq.gz
gbcon70.seq.gz
gbcon71.seq.gz
gbcon72.seq.gz
gbcon73.seq.gz
gbcon74.seq.gz
gbcon75.seq.gz
gbcon76.seq.gz
gbcon77.seq.gz
gbcon78.seq.gz
gbcon79.seq.gz
gbcon8.seq.gz
gbcon80.seq.gz
gbcon81.seq.gz
gbcon82.seq.gz
gbcon83.seq.gz
gbcon84.seq.gz
gbcon85.seq.gz
gbcon86.seq.gz
gbcon87.seq.gz
gbcon88.seq.gz
gbcon89.seq.gz
gbcon9.seq.gz
gbcon90.seq.gz
gbcon91.seq.gz
gbcon92.seq.gz
gbcon93.seq.gz
gbcon94.seq.gz
gbcon95.seq.gz
gbcon96.seq.gz
gbcon97.seq.gz
gbcon98.seq.gz
gbcon99.seq.gz
gbdel.txt.gz
gbenv1.seq.gz
gbenv10.seq.gz
gbenv11.seq.gz
gbenv12.seq.gz
gbenv13.seq.gz
gbenv14.seq.gz
gbenv15.seq.gz
gbenv16.seq.gz
gbenv17.seq.gz
gbenv18.seq.gz
gbenv19.seq.gz
gbenv2.seq.gz
gbenv20.seq.gz
gbenv21.seq.gz
gbenv22.seq.gz
gbenv23.seq.gz
gbenv24.seq.gz
gbenv25.seq.gz
gbenv26.seq.gz
gbenv27.seq.gz
gbenv28.seq.gz
gbenv29.seq.gz
gbenv3.seq.gz
gbenv30.seq.gz
gbenv31.seq.gz
gbenv32.seq.gz
gbenv33.seq.gz
gbenv34.seq.gz
gbenv35.seq.gz
gbenv36.seq.gz
gbenv37.seq.gz
gbenv38.seq.gz
gbenv39.seq.gz
gbenv4.seq.gz
gbenv40.seq.gz
gbenv41.seq.gz
gbenv42.seq.gz
gbenv43.seq.gz
gbenv44.seq.gz
gbenv45.seq.gz
gbenv46.seq.gz
gbenv47.seq.gz
gbenv48.seq.gz
gbenv49.seq.gz
gbenv5.seq.gz
gbenv50.seq.gz
gbenv51.seq.gz
gbenv52.seq.gz
gbenv53.seq.gz
gbenv54.seq.gz
gbenv55.seq.gz
gbenv56.seq.gz
gbenv57.seq.gz
gbenv58.seq.gz
gbenv59.seq.gz
gbenv6.seq.gz
gbenv60.seq.gz
gbenv7.seq.gz
gbenv8.seq.gz
gbenv9.seq.gz
gbest1.seq.gz
gbest10.seq.gz
gbest100.seq.gz
gbest101.seq.gz
gbest102.seq.gz
gbest103.seq.gz
gbest104.seq.gz
gbest105.seq.gz
gbest106.seq.gz
gbest107.seq.gz
gbest108.seq.gz
gbest109.seq.gz
gbest11.seq.gz
gbest110.seq.gz
gbest111.seq.gz
gbest112.seq.gz
gbest113.seq.gz
gbest114.seq.gz
gbest115.seq.gz
gbest116.seq.gz
gbest117.seq.gz
gbest118.seq.gz
gbest119.seq.gz
gbest12.seq.gz
gbest120.seq.gz
gbest121.seq.gz
gbest122.seq.gz
gbest123.seq.gz
gbest124.seq.gz
gbest125.seq.gz
gbest126.seq.gz
gbest127.seq.gz
gbest128.seq.gz
gbest129.seq.gz
gbest13.seq.gz
gbest130.seq.gz
gbest131.seq.gz
gbest132.seq.gz
gbest133.seq.gz
gbest134.seq.gz
gbest135.seq.gz
gbest136.seq.gz
gbest137.seq.gz
gbest138.seq.gz
gbest139.seq.gz
gbest14.seq.gz
gbest140.seq.gz
gbest141.seq.gz
gbest142.seq.gz
gbest143.seq.gz
gbest144.seq.gz
gbest145.seq.gz
gbest146.seq.gz
gbest147.seq.gz
gbest148.seq.gz
gbest149.seq.gz
gbest15.seq.gz
gbest150.seq.gz
gbest151.seq.gz
gbest152.seq.gz
gbest153.seq.gz
gbest154.seq.gz
gbest155.seq.gz
gbest156.seq.gz
gbest157.seq.gz
gbest158.seq.gz
gbest159.seq.gz
gbest16.seq.gz
gbest160.seq.gz
gbest161.seq.gz
gbest162.seq.gz
gbest163.seq.gz
gbest164.seq.gz
gbest165.seq.gz
gbest166.seq.gz
gbest167.seq.gz
gbest168.seq.gz
gbest169.seq.gz
gbest17.seq.gz
gbest170.seq.gz
gbest171.seq.gz
gbest172.seq.gz
gbest173.seq.gz
gbest174.seq.gz
gbest175.seq.gz
gbest176.seq.gz
gbest177.seq.gz
gbest178.seq.gz
gbest179.seq.gz
gbest18.seq.gz
gbest180.seq.gz
gbest181.seq.gz
gbest182.seq.gz
gbest183.seq.gz
gbest184.seq.gz
gbest185.seq.gz
gbest186.seq.gz
gbest187.seq.gz
gbest188.seq.gz
gbest189.seq.gz
gbest19.seq.gz
gbest190.seq.gz
gbest191.seq.gz
gbest192.seq.gz
gbest193.seq.gz
gbest194.seq.gz
gbest195.seq.gz
gbest196.seq.gz
gbest197.seq.gz
gbest198.seq.gz
gbest199.seq.gz
gbest2.seq.gz
gbest20.seq.gz
gbest200.seq.gz
gbest201.seq.gz
gbest202.seq.gz
gbest203.seq.gz
gbest204.seq.gz
gbest205.seq.gz
gbest206.seq.gz
gbest207.seq.gz
gbest208.seq.gz
gbest209.seq.gz
gbest21.seq.gz
gbest210.seq.gz
gbest211.seq.gz
gbest212.seq.gz
gbest213.seq.gz
gbest214.seq.gz
gbest215.seq.gz
gbest216.seq.gz
gbest217.seq.gz
gbest218.seq.gz
gbest219.seq.gz
gbest22.seq.gz
gbest220.seq.gz
gbest221.seq.gz
gbest222.seq.gz
gbest223.seq.gz
gbest224.seq.gz
gbest225.seq.gz
gbest226.seq.gz
gbest227.seq.gz
gbest228.seq.gz
gbest229.seq.gz
gbest23.seq.gz
gbest230.seq.gz
gbest231.seq.gz
gbest232.seq.gz
gbest233.seq.gz
gbest234.seq.gz
gbest235.seq.gz
gbest236.seq.gz
gbest237.seq.gz
gbest238.seq.gz
gbest239.seq.gz
gbest24.seq.gz
gbest240.seq.gz
gbest241.seq.gz
gbest242.seq.gz
gbest243.seq.gz
gbest244.seq.gz
gbest245.seq.gz
gbest246.seq.gz
gbest247.seq.gz
gbest248.seq.gz
gbest249.seq.gz
gbest25.seq.gz
gbest250.seq.gz
gbest251.seq.gz
gbest252.seq.gz
gbest253.seq.gz
gbest254.seq.gz
gbest255.seq.gz
gbest256.seq.gz
gbest257.seq.gz
gbest258.seq.gz
gbest259.seq.gz
gbest26.seq.gz
gbest260.seq.gz
gbest261.seq.gz
gbest262.seq.gz
gbest263.seq.gz
gbest264.seq.gz
gbest265.seq.gz
gbest266.seq.gz
gbest267.seq.gz
gbest268.seq.gz
gbest269.seq.gz
gbest27.seq.gz
gbest270.seq.gz
gbest271.seq.gz
gbest272.seq.gz
gbest273.seq.gz
gbest274.seq.gz
gbest275.seq.gz
gbest276.seq.gz
gbest277.seq.gz
gbest278.seq.gz
gbest279.seq.gz
gbest28.seq.gz
gbest280.seq.gz
gbest281.seq.gz
gbest282.seq.gz
gbest283.seq.gz
gbest284.seq.gz
gbest285.seq.gz
gbest286.seq.gz
gbest287.seq.gz
gbest288.seq.gz
gbest289.seq.gz
gbest29.seq.gz
gbest290.seq.gz
gbest291.seq.gz
gbest292.seq.gz
gbest293.seq.gz
gbest294.seq.gz
gbest295.seq.gz
gbest296.seq.gz
gbest297.seq.gz
gbest298.seq.gz
gbest299.seq.gz
gbest3.seq.gz
gbest30.seq.gz
gbest300.seq.gz
gbest301.seq.gz
gbest302.seq.gz
gbest303.seq.gz
gbest304.seq.gz
gbest305.seq.gz
gbest306.seq.gz
gbest307.seq.gz
gbest308.seq.gz
gbest309.seq.gz
gbest31.seq.gz
gbest310.seq.gz
gbest311.seq.gz
gbest312.seq.gz
gbest313.seq.gz
gbest314.seq.gz
gbest315.seq.gz
gbest316.seq.gz
gbest317.seq.gz
gbest318.seq.gz
gbest319.seq.gz
gbest32.seq.gz
gbest320.seq.gz
gbest321.seq.gz
gbest322.seq.gz
gbest323.seq.gz
gbest324.seq.gz
gbest325.seq.gz
gbest326.seq.gz
gbest327.seq.gz
gbest328.seq.gz
gbest329.seq.gz
gbest33.seq.gz
gbest330.seq.gz
gbest331.seq.gz
gbest332.seq.gz
gbest333.seq.gz
gbest334.seq.gz
gbest335.seq.gz
gbest336.seq.gz
gbest337.seq.gz
gbest338.seq.gz
gbest339.seq.gz
gbest34.seq.gz
gbest340.seq.gz
gbest341.seq.gz
gbest342.seq.gz
gbest343.seq.gz
gbest344.seq.gz
gbest345.seq.gz
gbest346.seq.gz
gbest347.seq.gz
gbest348.seq.gz
gbest349.seq.gz
gbest35.seq.gz
gbest350.seq.gz
gbest351.seq.gz
gbest352.seq.gz
gbest353.seq.gz
gbest354.seq.gz
gbest355.seq.gz
gbest356.seq.gz
gbest357.seq.gz
gbest358.seq.gz
gbest359.seq.gz
gbest36.seq.gz
gbest360.seq.gz
gbest361.seq.gz
gbest362.seq.gz
gbest363.seq.gz
gbest364.seq.gz
gbest365.seq.gz
gbest366.seq.gz
gbest367.seq.gz
gbest368.seq.gz
gbest369.seq.gz
gbest37.seq.gz
gbest370.seq.gz
gbest371.seq.gz
gbest372.seq.gz
gbest373.seq.gz
gbest374.seq.gz
gbest375.seq.gz
gbest376.seq.gz
gbest377.seq.gz
gbest378.seq.gz
gbest379.seq.gz
gbest38.seq.gz
gbest380.seq.gz
gbest381.seq.gz
gbest382.seq.gz
gbest383.seq.gz
gbest384.seq.gz
gbest385.seq.gz
gbest386.seq.gz
gbest387.seq.gz
gbest388.seq.gz
gbest389.seq.gz
gbest39.seq.gz
gbest390.seq.gz
gbest391.seq.gz
gbest392.seq.gz
gbest393.seq.gz
gbest394.seq.gz
gbest395.seq.gz
gbest396.seq.gz
gbest397.seq.gz
gbest398.seq.gz
gbest399.seq.gz
gbest4.seq.gz
gbest40.seq.gz
gbest400.seq.gz
gbest401.seq.gz
gbest402.seq.gz
gbest403.seq.gz
gbest404.seq.gz
gbest405.seq.gz
gbest406.seq.gz
gbest407.seq.gz
gbest408.seq.gz
gbest409.seq.gz
gbest41.seq.gz
gbest410.seq.gz
gbest411.seq.gz
gbest412.seq.gz
gbest413.seq.gz
gbest414.seq.gz
gbest415.seq.gz
gbest416.seq.gz
gbest417.seq.gz
gbest418.seq.gz
gbest419.seq.gz
gbest42.seq.gz
gbest420.seq.gz
gbest421.seq.gz
gbest422.seq.gz
gbest423.seq.gz
gbest424.seq.gz
gbest425.seq.gz
gbest426.seq.gz
gbest427.seq.gz
gbest428.seq.gz
gbest429.seq.gz
gbest43.seq.gz
gbest430.seq.gz
gbest431.seq.gz
gbest432.seq.gz
gbest433.seq.gz
gbest434.seq.gz
gbest435.seq.gz
gbest436.seq.gz
gbest437.seq.gz
gbest438.seq.gz
gbest439.seq.gz
gbest44.seq.gz
gbest440.seq.gz
gbest441.seq.gz
gbest442.seq.gz
gbest443.seq.gz
gbest444.seq.gz
gbest445.seq.gz
gbest446.seq.gz
gbest447.seq.gz
gbest448.seq.gz
gbest449.seq.gz
gbest45.seq.gz
gbest450.seq.gz
gbest451.seq.gz
gbest452.seq.gz
gbest453.seq.gz
gbest454.seq.gz
gbest455.seq.gz
gbest456.seq.gz
gbest457.seq.gz
gbest458.seq.gz
gbest459.seq.gz
gbest46.seq.gz
gbest460.seq.gz
gbest461.seq.gz
gbest462.seq.gz
gbest463.seq.gz
gbest464.seq.gz
gbest465.seq.gz
gbest466.seq.gz
gbest467.seq.gz
gbest468.seq.gz
gbest469.seq.gz
gbest47.seq.gz
gbest470.seq.gz
gbest471.seq.gz
gbest472.seq.gz
gbest48.seq.gz
gbest49.seq.gz
gbest5.seq.gz
gbest50.seq.gz
gbest51.seq.gz
gbest52.seq.gz
gbest53.seq.gz
gbest54.seq.gz
gbest55.seq.gz
gbest56.seq.gz
gbest57.seq.gz
gbest58.seq.gz
gbest59.seq.gz
gbest6.seq.gz
gbest60.seq.gz
gbest61.seq.gz
gbest62.seq.gz
gbest63.seq.gz
gbest64.seq.gz
gbest65.seq.gz
gbest66.seq.gz
gbest67.seq.gz
gbest68.seq.gz
gbest69.seq.gz
gbest7.seq.gz
gbest70.seq.gz
gbest71.seq.gz
gbest72.seq.gz
gbest73.seq.gz
gbest74.seq.gz
gbest75.seq.gz
gbest76.seq.gz
gbest77.seq.gz
gbest78.seq.gz
gbest79.seq.gz
gbest8.seq.gz
gbest80.seq.gz
gbest81.seq.gz
gbest82.seq.gz
gbest83.seq.gz
gbest84.seq.gz
gbest85.seq.gz
gbest86.seq.gz
gbest87.seq.gz
gbest88.seq.gz
gbest89.seq.gz
gbest9.seq.gz
gbest90.seq.gz
gbest91.seq.gz
gbest92.seq.gz
gbest93.seq.gz
gbest94.seq.gz
gbest95.seq.gz
gbest96.seq.gz
gbest97.seq.gz
gbest98.seq.gz
gbest99.seq.gz
gbgss1.seq.gz
gbgss10.seq.gz
gbgss100.seq.gz
gbgss101.seq.gz
gbgss102.seq.gz
gbgss103.seq.gz
gbgss104.seq.gz
gbgss105.seq.gz
gbgss106.seq.gz
gbgss107.seq.gz
gbgss108.seq.gz
gbgss109.seq.gz
gbgss11.seq.gz
gbgss110.seq.gz
gbgss111.seq.gz
gbgss112.seq.gz
gbgss113.seq.gz
gbgss114.seq.gz
gbgss115.seq.gz
gbgss116.seq.gz
gbgss117.seq.gz
gbgss118.seq.gz
gbgss119.seq.gz
gbgss12.seq.gz
gbgss120.seq.gz
gbgss121.seq.gz
gbgss122.seq.gz
gbgss123.seq.gz
gbgss124.seq.gz
gbgss125.seq.gz
gbgss126.seq.gz
gbgss127.seq.gz
gbgss128.seq.gz
gbgss129.seq.gz
gbgss13.seq.gz
gbgss130.seq.gz
gbgss131.seq.gz
gbgss132.seq.gz
gbgss133.seq.gz
gbgss134.seq.gz
gbgss135.seq.gz
gbgss136.seq.gz
gbgss137.seq.gz
gbgss138.seq.gz
gbgss139.seq.gz
gbgss14.seq.gz
gbgss140.seq.gz
gbgss141.seq.gz
gbgss142.seq.gz
gbgss143.seq.gz
gbgss144.seq.gz
gbgss145.seq.gz
gbgss146.seq.gz
gbgss147.seq.gz
gbgss148.seq.gz
gbgss149.seq.gz
gbgss15.seq.gz
gbgss150.seq.gz
gbgss151.seq.gz
gbgss152.seq.gz
gbgss153.seq.gz
gbgss154.seq.gz
gbgss155.seq.gz
gbgss156.seq.gz
gbgss157.seq.gz
gbgss158.seq.gz
gbgss159.seq.gz
gbgss16.seq.gz
gbgss160.seq.gz
gbgss161.seq.gz
gbgss162.seq.gz
gbgss163.seq.gz
gbgss164.seq.gz
gbgss165.seq.gz
gbgss166.seq.gz
gbgss167.seq.gz
gbgss168.seq.gz
gbgss169.seq.gz
gbgss17.seq.gz
gbgss170.seq.gz
gbgss171.seq.gz
gbgss172.seq.gz
gbgss173.seq.gz
gbgss174.seq.gz
gbgss175.seq.gz
gbgss176.seq.gz
gbgss177.seq.gz
gbgss178.seq.gz
gbgss179.seq.gz
gbgss18.seq.gz
gbgss180.seq.gz
gbgss181.seq.gz
gbgss182.seq.gz
gbgss183.seq.gz
gbgss184.seq.gz
gbgss185.seq.gz
gbgss186.seq.gz
gbgss187.seq.gz
gbgss188.seq.gz
gbgss189.seq.gz
gbgss19.seq.gz
gbgss190.seq.gz
gbgss191.seq.gz
gbgss192.seq.gz
gbgss193.seq.gz
gbgss194.seq.gz
gbgss195.seq.gz
gbgss196.seq.gz
gbgss197.seq.gz
gbgss198.seq.gz
gbgss199.seq.gz
gbgss2.seq.gz
gbgss20.seq.gz
gbgss200.seq.gz
gbgss201.seq.gz
gbgss202.seq.gz
gbgss203.seq.gz
gbgss204.seq.gz
gbgss205.seq.gz
gbgss206.seq.gz
gbgss207.seq.gz
gbgss208.seq.gz
gbgss209.seq.gz
gbgss21.seq.gz
gbgss210.seq.gz
gbgss211.seq.gz
gbgss212.seq.gz
gbgss213.seq.gz
gbgss214.seq.gz
gbgss215.seq.gz
gbgss216.seq.gz
gbgss217.seq.gz
gbgss218.seq.gz
gbgss219.seq.gz
gbgss22.seq.gz
gbgss220.seq.gz
gbgss221.seq.gz
gbgss222.seq.gz
gbgss223.seq.gz
gbgss224.seq.gz
gbgss225.seq.gz
gbgss226.seq.gz
gbgss227.seq.gz
gbgss228.seq.gz
gbgss229.seq.gz
gbgss23.seq.gz
gbgss230.seq.gz
gbgss231.seq.gz
gbgss232.seq.gz
gbgss233.seq.gz
gbgss234.seq.gz
gbgss235.seq.gz
gbgss236.seq.gz
gbgss237.seq.gz
gbgss238.seq.gz
gbgss239.seq.gz
gbgss24.seq.gz
gbgss240.seq.gz
gbgss241.seq.gz
gbgss242.seq.gz
gbgss243.seq.gz
gbgss244.seq.gz
gbgss245.seq.gz
gbgss246.seq.gz
gbgss247.seq.gz
gbgss248.seq.gz
gbgss249.seq.gz
gbgss25.seq.gz
gbgss250.seq.gz
gbgss251.seq.gz
gbgss252.seq.gz
gbgss253.seq.gz
gbgss254.seq.gz
gbgss255.seq.gz
gbgss256.seq.gz
gbgss257.seq.gz
gbgss258.seq.gz
gbgss259.seq.gz
gbgss26.seq.gz
gbgss260.seq.gz
gbgss261.seq.gz
gbgss262.seq.gz
gbgss263.seq.gz
gbgss264.seq.gz
gbgss265.seq.gz
gbgss266.seq.gz
gbgss267.seq.gz
gbgss268.seq.gz
gbgss269.seq.gz
gbgss27.seq.gz
gbgss270.seq.gz
gbgss28.seq.gz
gbgss29.seq.gz
gbgss3.seq.gz
gbgss30.seq.gz
gbgss31.seq.gz
gbgss32.seq.gz
gbgss33.seq.gz
gbgss34.seq.gz
gbgss35.seq.gz
gbgss36.seq.gz
gbgss37.seq.gz
gbgss38.seq.gz
gbgss39.seq.gz
gbgss4.seq.gz
gbgss40.seq.gz
gbgss41.seq.gz
gbgss42.seq.gz
gbgss43.seq.gz
gbgss44.seq.gz
gbgss45.seq.gz
gbgss46.seq.gz
gbgss47.seq.gz
gbgss48.seq.gz
gbgss49.seq.gz
gbgss5.seq.gz
gbgss50.seq.gz
gbgss51.seq.gz
gbgss52.seq.gz
gbgss53.seq.gz
gbgss54.seq.gz
gbgss55.seq.gz
gbgss56.seq.gz
gbgss57.seq.gz
gbgss58.seq.gz
gbgss59.seq.gz
gbgss6.seq.gz
gbgss60.seq.gz
gbgss61.seq.gz
gbgss62.seq.gz
gbgss63.seq.gz
gbgss64.seq.gz
gbgss65.seq.gz
gbgss66.seq.gz
gbgss67.seq.gz
gbgss68.seq.gz
gbgss69.seq.gz
gbgss7.seq.gz
gbgss70.seq.gz
gbgss71.seq.gz
gbgss72.seq.gz
gbgss73.seq.gz
gbgss74.seq.gz
gbgss75.seq.gz
gbgss76.seq.gz
gbgss77.seq.gz
gbgss78.seq.gz
gbgss79.seq.gz
gbgss8.seq.gz
gbgss80.seq.gz
gbgss81.seq.gz
gbgss82.seq.gz
gbgss83.seq.gz
gbgss84.seq.gz
gbgss85.seq.gz
gbgss86.seq.gz
gbgss87.seq.gz
gbgss88.seq.gz
gbgss89.seq.gz
gbgss9.seq.gz
gbgss90.seq.gz
gbgss91.seq.gz
gbgss92.seq.gz
gbgss93.seq.gz
gbgss94.seq.gz
gbgss95.seq.gz
gbgss96.seq.gz
gbgss97.seq.gz
gbgss98.seq.gz
gbgss99.seq.gz
gbhtc1.seq.gz
gbhtc10.seq.gz
gbhtc11.seq.gz
gbhtc12.seq.gz
gbhtc13.seq.gz
gbhtc14.seq.gz
gbhtc15.seq.gz
gbhtc2.seq.gz
gbhtc3.seq.gz
gbhtc4.seq.gz
gbhtc5.seq.gz
gbhtc6.seq.gz
gbhtc7.seq.gz
gbhtc8.seq.gz
gbhtc9.seq.gz
gbhtg1.seq.gz
gbhtg10.seq.gz
gbhtg100.seq.gz
gbhtg101.seq.gz
gbhtg102.seq.gz
gbhtg103.seq.gz
gbhtg104.seq.gz
gbhtg105.seq.gz
gbhtg106.seq.gz
gbhtg107.seq.gz
gbhtg108.seq.gz
gbhtg109.seq.gz
gbhtg11.seq.gz
gbhtg110.seq.gz
gbhtg111.seq.gz
gbhtg112.seq.gz
gbhtg113.seq.gz
gbhtg114.seq.gz
gbhtg115.seq.gz
gbhtg116.seq.gz
gbhtg117.seq.gz
gbhtg118.seq.gz
gbhtg119.seq.gz
gbhtg12.seq.gz
gbhtg120.seq.gz
gbhtg121.seq.gz
gbhtg122.seq.gz
gbhtg123.seq.gz
gbhtg124.seq.gz
gbhtg125.seq.gz
gbhtg126.seq.gz
gbhtg127.seq.gz
gbhtg128.seq.gz
gbhtg129.seq.gz
gbhtg13.seq.gz
gbhtg130.seq.gz
gbhtg131.seq.gz
gbhtg132.seq.gz
gbhtg133.seq.gz
gbhtg134.seq.gz
gbhtg135.seq.gz
gbhtg136.seq.gz
gbhtg137.seq.gz
gbhtg138.seq.gz
gbhtg139.seq.gz
gbhtg14.seq.gz
gbhtg140.seq.gz
gbhtg141.seq.gz
gbhtg15.seq.gz
gbhtg16.seq.gz
gbhtg17.seq.gz
gbhtg18.seq.gz
gbhtg19.seq.gz
gbhtg2.seq.gz
gbhtg20.seq.gz
gbhtg21.seq.gz
gbhtg22.seq.gz
gbhtg23.seq.gz
gbhtg24.seq.gz
gbhtg25.seq.gz
gbhtg26.seq.gz
gbhtg27.seq.gz
gbhtg28.seq.gz
gbhtg29.seq.gz
gbhtg3.seq.gz
gbhtg30.seq.gz
gbhtg31.seq.gz
gbhtg32.seq.gz
gbhtg33.seq.gz
gbhtg34.seq.gz
gbhtg35.seq.gz
gbhtg36.seq.gz
gbhtg37.seq.gz
gbhtg38.seq.gz
gbhtg39.seq.gz
gbhtg4.seq.gz
gbhtg40.seq.gz
gbhtg41.seq.gz
gbhtg42.seq.gz
gbhtg43.seq.gz
gbhtg44.seq.gz
gbhtg45.seq.gz
gbhtg46.seq.gz
gbhtg47.seq.gz
gbhtg48.seq.gz
gbhtg49.seq.gz
gbhtg5.seq.gz
gbhtg50.seq.gz
gbhtg51.seq.gz
gbhtg52.seq.gz
gbhtg53.seq.gz
gbhtg54.seq.gz
gbhtg55.seq.gz
gbhtg56.seq.gz
gbhtg57.seq.gz
gbhtg58.seq.gz
gbhtg59.seq.gz
gbhtg6.seq.gz
gbhtg60.seq.gz
gbhtg61.seq.gz
gbhtg62.seq.gz
gbhtg63.seq.gz
gbhtg64.seq.gz
gbhtg65.seq.gz
gbhtg66.seq.gz
gbhtg67.seq.gz
gbhtg68.seq.gz
gbhtg69.seq.gz
gbhtg7.seq.gz
gbhtg70.seq.gz
gbhtg71.seq.gz
gbhtg72.seq.gz
gbhtg73.seq.gz
gbhtg74.seq.gz
gbhtg75.seq.gz
gbhtg76.seq.gz
gbhtg77.seq.gz
gbhtg78.seq.gz
gbhtg79.seq.gz
gbhtg8.seq.gz
gbhtg80.seq.gz
gbhtg81.seq.gz
gbhtg82.seq.gz
gbhtg83.seq.gz
gbhtg84.seq.gz
gbhtg85.seq.gz
gbhtg86.seq.gz
gbhtg87.seq.gz
gbhtg88.seq.gz
gbhtg89.seq.gz
gbhtg9.seq.gz
gbhtg90.seq.gz
gbhtg91.seq.gz
gbhtg92.seq.gz
gbhtg93.seq.gz
gbhtg94.seq.gz
gbhtg95.seq.gz
gbhtg96.seq.gz
gbhtg97.seq.gz
gbhtg98.seq.gz
gbhtg99.seq.gz
gbinv1.seq.gz
gbinv10.seq.gz
gbinv11.seq.gz
gbinv12.seq.gz
gbinv13.seq.gz
gbinv14.seq.gz
gbinv15.seq.gz
gbinv16.seq.gz
gbinv17.seq.gz
gbinv18.seq.gz
gbinv19.seq.gz
gbinv2.seq.gz
gbinv20.seq.gz
gbinv21.seq.gz
gbinv22.seq.gz
gbinv23.seq.gz
gbinv24.seq.gz
gbinv25.seq.gz
gbinv26.seq.gz
gbinv27.seq.gz
gbinv28.seq.gz
gbinv29.seq.gz
gbinv3.seq.gz
gbinv30.seq.gz
gbinv31.seq.gz
gbinv32.seq.gz
gbinv33.seq.gz
gbinv34.seq.gz
gbinv4.seq.gz
gbinv5.seq.gz
gbinv6.seq.gz
gbinv7.seq.gz
gbinv8.seq.gz
gbinv9.seq.gz
gbmam1.seq.gz
gbmam2.seq.gz
gbmam3.seq.gz
gbmam4.seq.gz
gbmam5.seq.gz
gbmam6.seq.gz
gbmam7.seq.gz
gbmam8.seq.gz
gbnew.txt.gz
gbpat1.seq.gz
gbpat10.seq.gz
gbpat100.seq.gz
gbpat101.seq.gz
gbpat102.seq.gz
gbpat103.seq.gz
gbpat104.seq.gz
gbpat105.seq.gz
gbpat106.seq.gz
gbpat107.seq.gz
gbpat108.seq.gz
gbpat109.seq.gz
gbpat11.seq.gz
gbpat110.seq.gz
gbpat111.seq.gz
gbpat112.seq.gz
gbpat113.seq.gz
gbpat114.seq.gz
gbpat115.seq.gz
gbpat116.seq.gz
gbpat117.seq.gz
gbpat118.seq.gz
gbpat119.seq.gz
gbpat12.seq.gz
gbpat120.seq.gz
gbpat121.seq.gz
gbpat122.seq.gz
gbpat123.seq.gz
gbpat124.seq.gz
gbpat125.seq.gz
gbpat126.seq.gz
gbpat127.seq.gz
gbpat128.seq.gz
gbpat129.seq.gz
gbpat13.seq.gz
gbpat130.seq.gz
gbpat131.seq.gz
gbpat132.seq.gz
gbpat133.seq.gz
gbpat134.seq.gz
gbpat135.seq.gz
gbpat136.seq.gz
gbpat137.seq.gz
gbpat138.seq.gz
gbpat139.seq.gz
gbpat14.seq.gz
gbpat140.seq.gz
gbpat141.seq.gz
gbpat142.seq.gz
gbpat143.seq.gz
gbpat144.seq.gz
gbpat145.seq.gz
gbpat146.seq.gz
gbpat147.seq.gz
gbpat148.seq.gz
gbpat149.seq.gz
gbpat15.seq.gz
gbpat150.seq.gz
gbpat151.seq.gz
gbpat152.seq.gz
gbpat153.seq.gz
gbpat154.seq.gz
gbpat155.seq.gz
gbpat156.seq.gz
gbpat157.seq.gz
gbpat158.seq.gz
gbpat159.seq.gz
gbpat16.seq.gz
gbpat160.seq.gz
gbpat161.seq.gz
gbpat162.seq.gz
gbpat163.seq.gz
gbpat164.seq.gz
gbpat165.seq.gz
gbpat166.seq.gz
gbpat167.seq.gz
gbpat168.seq.gz
gbpat169.seq.gz
gbpat17.seq.gz
gbpat170.seq.gz
gbpat171.seq.gz
gbpat172.seq.gz
gbpat173.seq.gz
gbpat174.seq.gz
gbpat175.seq.gz
gbpat176.seq.gz
gbpat177.seq.gz
gbpat178.seq.gz
gbpat179.seq.gz
gbpat18.seq.gz
gbpat180.seq.gz
gbpat181.seq.gz
gbpat182.seq.gz
gbpat183.seq.gz
gbpat184.seq.gz
gbpat185.seq.gz
gbpat186.seq.gz
gbpat187.seq.gz
gbpat188.seq.gz
gbpat189.seq.gz
gbpat19.seq.gz
gbpat190.seq.gz
gbpat2.seq.gz
gbpat20.seq.gz
gbpat21.seq.gz
gbpat22.seq.gz
gbpat23.seq.gz
gbpat24.seq.gz
gbpat25.seq.gz
gbpat26.seq.gz
gbpat27.seq.gz
gbpat28.seq.gz
gbpat29.seq.gz
gbpat3.seq.gz
gbpat30.seq.gz
gbpat31.seq.gz
gbpat32.seq.gz
gbpat33.seq.gz
gbpat34.seq.gz
gbpat35.seq.gz
gbpat36.seq.gz
gbpat37.seq.gz
gbpat38.seq.gz
gbpat39.seq.gz
gbpat4.seq.gz
gbpat40.seq.gz
gbpat41.seq.gz
gbpat42.seq.gz
gbpat43.seq.gz
gbpat44.seq.gz
gbpat45.seq.gz
gbpat46.seq.gz
gbpat47.seq.gz
gbpat48.seq.gz
gbpat49.seq.gz
gbpat5.seq.gz
gbpat50.seq.gz
gbpat51.seq.gz
gbpat52.seq.gz
gbpat53.seq.gz
gbpat54.seq.gz
gbpat55.seq.gz
gbpat56.seq.gz
gbpat57.seq.gz
gbpat58.seq.gz
gbpat59.seq.gz
gbpat6.seq.gz
gbpat60.seq.gz
gbpat61.seq.gz
gbpat62.seq.gz
gbpat63.seq.gz
gbpat64.seq.gz
gbpat65.seq.gz
gbpat66.seq.gz
gbpat67.seq.gz
gbpat68.seq.gz
gbpat69.seq.gz
gbpat7.seq.gz
gbpat70.seq.gz
gbpat71.seq.gz
gbpat72.seq.gz
gbpat73.seq.gz
gbpat74.seq.gz
gbpat75.seq.gz
gbpat76.seq.gz
gbpat77.seq.gz
gbpat78.seq.gz
gbpat79.seq.gz
gbpat8.seq.gz
gbpat80.seq.gz
gbpat81.seq.gz
gbpat82.seq.gz
gbpat83.seq.gz
gbpat84.seq.gz
gbpat85.seq.gz
gbpat86.seq.gz
gbpat87.seq.gz
gbpat88.seq.gz
gbpat89.seq.gz
gbpat9.seq.gz
gbpat90.seq.gz
gbpat91.seq.gz
gbpat92.seq.gz
gbpat93.seq.gz
gbpat94.seq.gz
gbpat95.seq.gz
gbpat96.seq.gz
gbpat97.seq.gz
gbpat98.seq.gz
gbpat99.seq.gz
gbphg1.seq.gz
gbphg2.seq.gz
gbpln1.seq.gz
gbpln10.seq.gz
gbpln11.seq.gz
gbpln12.seq.gz
gbpln13.seq.gz
gbpln14.seq.gz
gbpln15.seq.gz
gbpln16.seq.gz
gbpln17.seq.gz
gbpln18.seq.gz
gbpln19.seq.gz
gbpln2.seq.gz
gbpln20.seq.gz
gbpln21.seq.gz
gbpln22.seq.gz
gbpln23.seq.gz
gbpln24.seq.gz
gbpln25.seq.gz
gbpln26.seq.gz
gbpln27.seq.gz
gbpln28.seq.gz
gbpln29.seq.gz
gbpln3.seq.gz
gbpln30.seq.gz
gbpln31.seq.gz
gbpln32.seq.gz
gbpln33.seq.gz
gbpln34.seq.gz
gbpln35.seq.gz
gbpln36.seq.gz
gbpln37.seq.gz
gbpln38.seq.gz
gbpln39.seq.gz
gbpln4.seq.gz
gbpln40.seq.gz
gbpln41.seq.gz
gbpln42.seq.gz
gbpln43.seq.gz
gbpln44.seq.gz
gbpln45.seq.gz
gbpln46.seq.gz
gbpln47.seq.gz
gbpln48.seq.gz
gbpln49.seq.gz
gbpln5.seq.gz
gbpln50.seq.gz
gbpln51.seq.gz
gbpln52.seq.gz
gbpln53.seq.gz
gbpln54.seq.gz
gbpln55.seq.gz
gbpln56.seq.gz
gbpln57.seq.gz
gbpln58.seq.gz
gbpln59.seq.gz
gbpln6.seq.gz
gbpln60.seq.gz
gbpln61.seq.gz
gbpln7.seq.gz
gbpln8.seq.gz
gbpln9.seq.gz
gbpri1.seq.gz
gbpri10.seq.gz
gbpri11.seq.gz
gbpri12.seq.gz
gbpri13.seq.gz
gbpri14.seq.gz
gbpri15.seq.gz
gbpri16.seq.gz
gbpri17.seq.gz
gbpri18.seq.gz
gbpri19.seq.gz
gbpri2.seq.gz
gbpri20.seq.gz
gbpri21.seq.gz
gbpri22.seq.gz
gbpri23.seq.gz
gbpri24.seq.gz
gbpri25.seq.gz
gbpri26.seq.gz
gbpri27.seq.gz
gbpri28.seq.gz
gbpri29.seq.gz
gbpri3.seq.gz
gbpri30.seq.gz
gbpri31.seq.gz
gbpri32.seq.gz
gbpri33.seq.gz
gbpri34.seq.gz
gbpri35.seq.gz
gbpri36.seq.gz
gbpri37.seq.gz
gbpri38.seq.gz
gbpri39.seq.gz
gbpri4.seq.gz
gbpri40.seq.gz
gbpri41.seq.gz
gbpri42.seq.gz
gbpri43.seq.gz
gbpri44.seq.gz
gbpri45.seq.gz
gbpri5.seq.gz
gbpri6.seq.gz
gbpri7.seq.gz
gbpri8.seq.gz
gbpri9.seq.gz
gbrel.txt
gbrod1.seq.gz
gbrod10.seq.gz
gbrod11.seq.gz
gbrod12.seq.gz
gbrod13.seq.gz
gbrod14.seq.gz
gbrod15.seq.gz
gbrod16.seq.gz
gbrod17.seq.gz
gbrod18.seq.gz
gbrod19.seq.gz
gbrod2.seq.gz
gbrod20.seq.gz
gbrod21.seq.gz
gbrod22.seq.gz
gbrod23.seq.gz
gbrod24.seq.gz
gbrod25.seq.gz
gbrod26.seq.gz
gbrod27.seq.gz
gbrod28.seq.gz
gbrod29.seq.gz
gbrod3.seq.gz
gbrod30.seq.gz
gbrod4.seq.gz
gbrod5.seq.gz
gbrod6.seq.gz
gbrod7.seq.gz
gbrod8.seq.gz
gbrod9.seq.gz
gbsts1.seq.gz
gbsts10.seq.gz
gbsts11.seq.gz
gbsts12.seq.gz
gbsts13.seq.gz
gbsts14.seq.gz
gbsts15.seq.gz
gbsts16.seq.gz
gbsts17.seq.gz
gbsts18.seq.gz
gbsts19.seq.gz
gbsts2.seq.gz
gbsts20.seq.gz
gbsts3.seq.gz
gbsts4.seq.gz
gbsts5.seq.gz
gbsts6.seq.gz
gbsts7.seq.gz
gbsts8.seq.gz
gbsts9.seq.gz
gbsyn1.seq.gz
gbsyn2.seq.gz
gbsyn3.seq.gz
gbsyn4.seq.gz
gbsyn5.seq.gz
gbsyn6.seq.gz
gbsyn7.seq.gz
gbtsa1.seq.gz
gbtsa10.seq.gz
gbtsa100.seq.gz
gbtsa101.seq.gz
gbtsa102.seq.gz
gbtsa103.seq.gz
gbtsa104.seq.gz
gbtsa105.seq.gz
gbtsa106.seq.gz
gbtsa107.seq.gz
gbtsa108.seq.gz
gbtsa109.seq.gz
gbtsa11.seq.gz
gbtsa110.seq.gz
gbtsa111.seq.gz
gbtsa112.seq.gz
gbtsa113.seq.gz
gbtsa114.seq.gz
gbtsa115.seq.gz
gbtsa116.seq.gz
gbtsa117.seq.gz
gbtsa118.seq.gz
gbtsa119.seq.gz
gbtsa12.seq.gz
gbtsa120.seq.gz
gbtsa121.seq.gz
gbtsa122.seq.gz
gbtsa123.seq.gz
gbtsa124.seq.gz
gbtsa125.seq.gz
gbtsa126.seq.gz
gbtsa127.seq.gz
gbtsa128.seq.gz
gbtsa129.seq.gz
gbtsa13.seq.gz
gbtsa130.seq.gz
gbtsa131.seq.gz
gbtsa132.seq.gz
gbtsa133.seq.gz
gbtsa134.seq.gz
gbtsa135.seq.gz
gbtsa136.seq.gz
gbtsa137.seq.gz
gbtsa138.seq.gz
gbtsa139.seq.gz
gbtsa14.seq.gz
gbtsa140.seq.gz
gbtsa141.seq.gz
gbtsa15.seq.gz
gbtsa16.seq.gz
gbtsa17.seq.gz
gbtsa18.seq.gz
gbtsa19.seq.gz
gbtsa2.seq.gz
gbtsa20.seq.gz
gbtsa21.seq.gz
gbtsa22.seq.gz
gbtsa23.seq.gz
gbtsa24.seq.gz
gbtsa25.seq.gz
gbtsa26.seq.gz
gbtsa27.seq.gz
gbtsa28.seq.gz
gbtsa29.seq.gz
gbtsa3.seq.gz
gbtsa30.seq.gz
gbtsa31.seq.gz
gbtsa32.seq.gz
gbtsa33.seq.gz
gbtsa34.seq.gz
gbtsa35.seq.gz
gbtsa36.seq.gz
gbtsa37.seq.gz
gbtsa38.seq.gz
gbtsa39.seq.gz
gbtsa4.seq.gz
gbtsa40.seq.gz
gbtsa41.seq.gz
gbtsa42.seq.gz
gbtsa43.seq.gz
gbtsa44.seq.gz
gbtsa45.seq.gz
gbtsa46.seq.gz
gbtsa47.seq.gz
gbtsa48.seq.gz
gbtsa49.seq.gz
gbtsa5.seq.gz
gbtsa50.seq.gz
gbtsa51.seq.gz
gbtsa52.seq.gz
gbtsa53.seq.gz
gbtsa54.seq.gz
gbtsa55.seq.gz
gbtsa56.seq.gz
gbtsa57.seq.gz
gbtsa58.seq.gz
gbtsa59.seq.gz
gbtsa6.seq.gz
gbtsa60.seq.gz
gbtsa61.seq.gz
gbtsa62.seq.gz
gbtsa63.seq.gz
gbtsa64.seq.gz
gbtsa65.seq.gz
gbtsa66.seq.gz
gbtsa67.seq.gz
gbtsa68.seq.gz
gbtsa69.seq.gz
gbtsa7.seq.gz
gbtsa70.seq.gz
gbtsa71.seq.gz
gbtsa72.seq.gz
gbtsa73.seq.gz
gbtsa74.seq.gz
gbtsa75.seq.gz
gbtsa76.seq.gz
gbtsa77.seq.gz
gbtsa78.seq.gz
gbtsa79.seq.gz
gbtsa8.seq.gz
gbtsa80.seq.gz
gbtsa81.seq.gz
gbtsa82.seq.gz
gbtsa83.seq.gz
gbtsa84.seq.gz
gbtsa85.seq.gz
gbtsa86.seq.gz
gbtsa87.seq.gz
gbtsa88.seq.gz
gbtsa89.seq.gz
gbtsa9.seq.gz
gbtsa90.seq.gz
gbtsa91.seq.gz
gbtsa92.seq.gz
gbtsa93.seq.gz
gbtsa94.seq.gz
gbtsa95.seq.gz
gbtsa96.seq.gz
gbtsa97.seq.gz
gbtsa98.seq.gz
gbtsa99.seq.gz
gbuna1.seq.gz
gbvrl1.seq.gz
gbvrl10.seq.gz
gbvrl11.seq.gz
gbvrl12.seq.gz
gbvrl13.seq.gz
gbvrl14.seq.gz
gbvrl15.seq.gz
gbvrl16.seq.gz
gbvrl17.seq.gz
gbvrl18.seq.gz
gbvrl19.seq.gz
gbvrl2.seq.gz
gbvrl20.seq.gz
gbvrl21.seq.gz
gbvrl22.seq.gz
gbvrl23.seq.gz
gbvrl24.seq.gz
gbvrl25.seq.gz
gbvrl3.seq.gz
gbvrl4.seq.gz
gbvrl5.seq.gz
gbvrl6.seq.gz
gbvrl7.seq.gz
gbvrl8.seq.gz
gbvrl9.seq.gz
gbvrt1.seq.gz
gbvrt10.seq.gz
gbvrt11.seq.gz
gbvrt12.seq.gz
gbvrt13.seq.gz
gbvrt14.seq.gz
gbvrt15.seq.gz
gbvrt16.seq.gz
gbvrt17.seq.gz
gbvrt18.seq.gz
gbvrt19.seq.gz
gbvrt2.seq.gz
gbvrt20.seq.gz
gbvrt21.seq.gz
gbvrt22.seq.gz
gbvrt23.seq.gz
gbvrt24.seq.gz
gbvrt25.seq.gz
gbvrt26.seq.gz
gbvrt27.seq.gz
gbvrt28.seq.gz
gbvrt29.seq.gz
gbvrt3.seq.gz
gbvrt30.seq.gz
gbvrt4.seq.gz
gbvrt5.seq.gz
gbvrt6.seq.gz
gbvrt7.seq.gz
gbvrt8.seq.gz
gbvrt9.seq.gz
